Package: flim
Fetcher: github
Source:  https://github.com/wanderlust/flim

Cloning https://github.com/wanderlust/flim to /home/runner/work/melpa/melpa/working/flim/
Checking out 774e40da2b7de769e79c782dc82f09026a69163f
Copying files (->) and directories (=>)
  from /home/runner/work/melpa/melpa/working/flim/
  to /tmp/flimwVVokK/flim-20250327.2159
    mime-en.texi -> mime-en.texi
    mime-ja.texi -> mime-ja.texi
    sasl.texi -> sasl.texi
    eword-decode.el -> eword-decode.el
    eword-encode.el -> eword-encode.el
    flim-pkg.el -> flim-pkg.el
    hmac-sha1.el -> hmac-sha1.el
    luna.el -> luna.el
    lunit.el -> lunit.el
    md5.el -> md5.el
    mel-g.el -> mel-g.el
    mel-q-ccl.el -> mel-q-ccl.el
    mel-q.el -> mel-q.el
    mel-u.el -> mel-u.el
    mel.el -> mel.el
    mime-conf.el -> mime-conf.el
    mime-def.el -> mime-def.el
    mime-parse.el -> mime-parse.el
    mime.el -> mime.el
    mmbuffer.el -> mmbuffer.el
    mmcooked.el -> mmcooked.el
    mmexternal.el -> mmexternal.el
    mmgeneric.el -> mmgeneric.el
    qmtp.el -> qmtp.el
    sasl-scram.el -> sasl-scram.el
    sasl-xoauth2.el -> sasl-xoauth2.el
    sasl.el -> sasl.el
    sha1.el -> sha1.el
    smtp.el -> smtp.el
    std11.el -> std11.el
Generating mime-en.info
Generating mime-ja.info
Generating sasl.info
Created flim-20250327.2159.tar containing:
  flim-20250327.2159/
  flim-20250327.2159/dir
  flim-20250327.2159/eword-decode.el
  flim-20250327.2159/eword-encode.el
  flim-20250327.2159/flim-pkg.el
  flim-20250327.2159/hmac-sha1.el
  flim-20250327.2159/luna.el
  flim-20250327.2159/lunit.el
  flim-20250327.2159/md5.el
  flim-20250327.2159/mel-g.el
  flim-20250327.2159/mel-q-ccl.el
  flim-20250327.2159/mel-q.el
  flim-20250327.2159/mel-u.el
  flim-20250327.2159/mel.el
  flim-20250327.2159/mime-conf.el
  flim-20250327.2159/mime-def.el
  flim-20250327.2159/mime-en.info
  flim-20250327.2159/mime-ja.info
  flim-20250327.2159/mime-parse.el
  flim-20250327.2159/mime.el
  flim-20250327.2159/mmbuffer.el
  flim-20250327.2159/mmcooked.el
  flim-20250327.2159/mmexternal.el
  flim-20250327.2159/mmgeneric.el
  flim-20250327.2159/qmtp.el
  flim-20250327.2159/sasl-scram.el
  flim-20250327.2159/sasl-xoauth2.el
  flim-20250327.2159/sasl.el
  flim-20250327.2159/sasl.info
  flim-20250327.2159/sha1.el
  flim-20250327.2159/smtp.el
  flim-20250327.2159/std11.el
 ✓ Success:
  2025-05-05T15:44:56+0000  flim-20250327.2159.entry
  2025-05-05T15:44:56+0000  flim-20250327.2159.tar
Built flim in 1.763s, finished at 2025-05-05T15:44:56+0000
