Package: wanderlust
Fetcher: github
Source:  https://github.com/ikazuhiro/wanderlust

Cloning https://github.com/ikazuhiro/wanderlust to /home/runner/work/melpa/melpa/working/wanderlust/
Checking out fefd433e7efb5757d5a0debe84b7864122dc60ce
Copying files (->) and directories (=>)
  from /home/runner/work/melpa/melpa/working/wanderlust/
  to /tmp/wanderlustRuM7sI/wanderlust-20250419.839
  ! doc/wl.texi -> wl.texi
  ! doc/wl-ja.texi -> wl-ja.texi
  ! elmo/acap.el -> acap.el
  ! elmo/elmo-access.el -> elmo-access.el
  ! elmo/elmo-archive.el -> elmo-archive.el
  ! elmo/elmo-cache.el -> elmo-cache.el
  ! elmo/elmo-date.el -> elmo-date.el
  ! elmo/elmo-dop.el -> elmo-dop.el
  ! elmo/elmo-file.el -> elmo-file.el
  ! elmo/elmo-filter.el -> elmo-filter.el
  ! elmo/elmo-flag.el -> elmo-flag.el
  ! elmo/elmo-imap4.el -> elmo-imap4.el
  ! elmo/elmo-internal.el -> elmo-internal.el
  ! elmo/elmo-localdir.el -> elmo-localdir.el
  ! elmo/elmo-localnews.el -> elmo-localnews.el
  ! elmo/elmo-maildir.el -> elmo-maildir.el
  ! elmo/elmo-map.el -> elmo-map.el
  ! elmo/elmo-mime.el -> elmo-mime.el
  ! elmo/elmo-msgdb.el -> elmo-msgdb.el
  ! elmo/elmo-multi.el -> elmo-multi.el
  ! elmo/elmo-net.el -> elmo-net.el
  ! elmo/elmo-nntp.el -> elmo-nntp.el
  ! elmo/elmo-null.el -> elmo-null.el
  ! elmo/elmo-passwd.el -> elmo-passwd.el
  ! elmo/elmo-pipe.el -> elmo-pipe.el
  ! elmo/elmo-pop3.el -> elmo-pop3.el
  ! elmo/elmo-rss.el -> elmo-rss.el
  ! elmo/elmo-search.el -> elmo-search.el
  ! elmo/elmo-sendlog.el -> elmo-sendlog.el
  ! elmo/elmo-shimbun.el -> elmo-shimbun.el
  ! elmo/elmo-signal.el -> elmo-signal.el
  ! elmo/elmo-spam.el -> elmo-spam.el
  ! elmo/elmo-split.el -> elmo-split.el
  ! elmo/elmo-util.el -> elmo-util.el
  ! elmo/elmo-vars.el -> elmo-vars.el
  ! elmo/elmo-version.el -> elmo-version.el
  ! elmo/elmo.el -> elmo.el
  ! elmo/elsp-bogofilter.el -> elsp-bogofilter.el
  ! elmo/elsp-bsfilter.el -> elsp-bsfilter.el
  ! elmo/elsp-sa.el -> elsp-sa.el
  ! elmo/elsp-spamfilter.el -> elsp-spamfilter.el
  ! elmo/elsp-spamoracle.el -> elsp-spamoracle.el
  ! elmo/mmimap.el -> mmimap.el
  ! elmo/modb-entity.el -> modb-entity.el
  ! elmo/modb-legacy.el -> modb-legacy.el
  ! elmo/modb-standard.el -> modb-standard.el
  ! elmo/modb.el -> modb.el
  ! elmo/pldap.el -> pldap.el
  ! elmo/slp.el -> slp.el
  ! wl/wl-acap.el -> wl-acap.el
  ! wl/wl-action.el -> wl-action.el
  ! wl/wl-address.el -> wl-address.el
  ! wl/wl-addrmgr.el -> wl-addrmgr.el
  ! wl/wl-batch.el -> wl-batch.el
  ! wl/wl-demo.el -> wl-demo.el
  ! wl/wl-draft.el -> wl-draft.el
  ! wl/wl-e21.el -> wl-e21.el
  ! wl/wl-expire.el -> wl-expire.el
  ! wl/wl-fldmgr.el -> wl-fldmgr.el
  ! wl/wl-folder.el -> wl-folder.el
  ! wl/wl-highlight.el -> wl-highlight.el
  ! wl/wl-message.el -> wl-message.el
  ! wl/wl-mime.el -> wl-mime.el
  ! wl/wl-qs.el -> wl-qs.el
  ! wl/wl-refile.el -> wl-refile.el
  ! wl/wl-score.el -> wl-score.el
  ! wl/wl-spam.el -> wl-spam.el
  ! wl/wl-summary.el -> wl-summary.el
  ! wl/wl-template.el -> wl-template.el
  ! wl/wl-thread.el -> wl-thread.el
  ! wl/wl-util.el -> wl-util.el
  ! wl/wl-vars.el -> wl-vars.el
  ! wl/wl-version.el -> wl-version.el
  ! wl/wl.el -> wl.el
  ! etc/icons => icons
Generating wl.info
Generating wl-ja.info
Created wanderlust-20250419.839.tar containing:
  wanderlust-20250419.839/
  wanderlust-20250419.839/acap.el
  wanderlust-20250419.839/dir
  wanderlust-20250419.839/elmo-access.el
  wanderlust-20250419.839/elmo-archive.el
  wanderlust-20250419.839/elmo-cache.el
  wanderlust-20250419.839/elmo-date.el
  wanderlust-20250419.839/elmo-dop.el
  wanderlust-20250419.839/elmo-file.el
  wanderlust-20250419.839/elmo-filter.el
  wanderlust-20250419.839/elmo-flag.el
  wanderlust-20250419.839/elmo-imap4.el
  wanderlust-20250419.839/elmo-internal.el
  wanderlust-20250419.839/elmo-localdir.el
  wanderlust-20250419.839/elmo-localnews.el
  wanderlust-20250419.839/elmo-maildir.el
  wanderlust-20250419.839/elmo-map.el
  wanderlust-20250419.839/elmo-mime.el
  wanderlust-20250419.839/elmo-msgdb.el
  wanderlust-20250419.839/elmo-multi.el
  wanderlust-20250419.839/elmo-net.el
  wanderlust-20250419.839/elmo-nntp.el
  wanderlust-20250419.839/elmo-null.el
  wanderlust-20250419.839/elmo-passwd.el
  wanderlust-20250419.839/elmo-pipe.el
  wanderlust-20250419.839/elmo-pop3.el
  wanderlust-20250419.839/elmo-rss.el
  wanderlust-20250419.839/elmo-search.el
  wanderlust-20250419.839/elmo-sendlog.el
  wanderlust-20250419.839/elmo-shimbun.el
  wanderlust-20250419.839/elmo-signal.el
  wanderlust-20250419.839/elmo-spam.el
  wanderlust-20250419.839/elmo-split.el
  wanderlust-20250419.839/elmo-util.el
  wanderlust-20250419.839/elmo-vars.el
  wanderlust-20250419.839/elmo-version.el
  wanderlust-20250419.839/elmo.el
  wanderlust-20250419.839/elsp-bogofilter.el
  wanderlust-20250419.839/elsp-bsfilter.el
  wanderlust-20250419.839/elsp-sa.el
  wanderlust-20250419.839/elsp-spamfilter.el
  wanderlust-20250419.839/elsp-spamoracle.el
  wanderlust-20250419.839/icons/
  wanderlust-20250419.839/icons/access.xpm
  wanderlust-20250419.839/icons/archive.xpm
  wanderlust-20250419.839/icons/closed.xpm
  wanderlust-20250419.839/icons/draft.xpm
  wanderlust-20250419.839/icons/elmo.xpm
  wanderlust-20250419.839/icons/file.xpm
  wanderlust-20250419.839/icons/filter.xpm
  wanderlust-20250419.839/icons/imap.xpm
  wanderlust-20250419.839/icons/internal.xpm
  wanderlust-20250419.839/icons/letter.xpm
  wanderlust-20250419.839/icons/local.xpm
  wanderlust-20250419.839/icons/localnews.xpm
  wanderlust-20250419.839/icons/maildir.xpm
  wanderlust-20250419.839/icons/multi.xpm
  wanderlust-20250419.839/icons/news.xpm
  wanderlust-20250419.839/icons/nmz.xpm
  wanderlust-20250419.839/icons/no-letter.xpm
  wanderlust-20250419.839/icons/opened.xpm
  wanderlust-20250419.839/icons/pipe.xpm
  wanderlust-20250419.839/icons/plugged.xpm
  wanderlust-20250419.839/icons/pop.xpm
  wanderlust-20250419.839/icons/queue.xpm
  wanderlust-20250419.839/icons/shimbun.xpm
  wanderlust-20250419.839/icons/trash-e.xpm
  wanderlust-20250419.839/icons/trash.xpm
  wanderlust-20250419.839/icons/unplugged.xpm
  wanderlust-20250419.839/icons/wl-alpha-logo.xbm
  wanderlust-20250419.839/icons/wl-alpha-logo.xpm
  wanderlust-20250419.839/icons/wl-alpha-xmas-logo.xbm
  wanderlust-20250419.839/icons/wl-alpha-xmas-logo.xpm
  wanderlust-20250419.839/icons/wl-beta-logo.xbm
  wanderlust-20250419.839/icons/wl-beta-logo.xpm
  wanderlust-20250419.839/icons/wl-beta-xmas-logo.xbm
  wanderlust-20250419.839/icons/wl-beta-xmas-logo.xpm
  wanderlust-20250419.839/icons/wl-draft-insert-signature-up.xpm
  wanderlust-20250419.839/icons/wl-draft-kill-up.xpm
  wanderlust-20250419.839/icons/wl-draft-save-and-exit-up.xpm
  wanderlust-20250419.839/icons/wl-draft-send-from-toolbar-down.xpm
  wanderlust-20250419.839/icons/wl-draft-send-from-toolbar-up.xpm
  wanderlust-20250419.839/icons/wl-draft-up.xpm
  wanderlust-20250419.839/icons/wl-draft-yank-original-up.xpm
  wanderlust-20250419.839/icons/wl-exit-up.xpm
  wanderlust-20250419.839/icons/wl-folder-check-current-entity-up.xpm
  wanderlust-20250419.839/icons/wl-folder-empty-trash-up.xpm
  wanderlust-20250419.839/icons/wl-folder-goto-draft-folder-up.xpm
  wanderlust-20250419.839/icons/wl-folder-jump-to-current-entity-no-sync-up.xpm
  wanderlust-20250419.839/icons/wl-folder-jump-to-current-entity-up.xpm
  wanderlust-20250419.839/icons/wl-folder-next-entity-up.xpm
  wanderlust-20250419.839/icons/wl-folder-prev-entity-up.xpm
  wanderlust-20250419.839/icons/wl-folder-read-up.xpm
  wanderlust-20250419.839/icons/wl-folder-select-entity-up.xpm
  wanderlust-20250419.839/icons/wl-folder-sync-current-entity-up.xpm
  wanderlust-20250419.839/icons/wl-folder-zoom-entity-up.xpm
  wanderlust-20250419.839/icons/wl-message-extract-content-up.xpm
  wanderlust-20250419.839/icons/wl-message-next-content-up.xpm
  wanderlust-20250419.839/icons/wl-message-play-content-up.xpm
  wanderlust-20250419.839/icons/wl-message-prev-content-up.xpm
  wanderlust-20250419.839/icons/wl-message-quit-up.xpm
  wanderlust-20250419.839/icons/wl-message-read-up.xpm
  wanderlust-20250419.839/icons/wl-stable-logo.xbm
  wanderlust-20250419.839/icons/wl-stable-logo.xpm
  wanderlust-20250419.839/icons/wl-stable-xmas-logo.xbm
  wanderlust-20250419.839/icons/wl-stable-xmas-logo.xpm
  wanderlust-20250419.839/icons/wl-summary-delete-up.xpm
  wanderlust-20250419.839/icons/wl-summary-dispose-up.xpm
  wanderlust-20250419.839/icons/wl-summary-exit-up.xpm
  wanderlust-20250419.839/icons/wl-summary-forward-up.xpm
  wanderlust-20250419.839/icons/wl-summary-jump-to-current-message-up.xpm
  wanderlust-20250419.839/icons/wl-summary-next-page-up.xpm
  wanderlust-20250419.839/icons/wl-summary-next-up.xpm
  wanderlust-20250419.839/icons/wl-summary-prev-page-up.xpm
  wanderlust-20250419.839/icons/wl-summary-prev-up.xpm
  wanderlust-20250419.839/icons/wl-summary-read-up.xpm
  wanderlust-20250419.839/icons/wl-summary-reply-up.xpm
  wanderlust-20250419.839/icons/wl-summary-reply-with-citation-up.xpm
  wanderlust-20250419.839/icons/wl-summary-set-flags-up.xpm
  wanderlust-20250419.839/icons/wl-summary-sync-force-update-up.xpm
  wanderlust-20250419.839/icons/wl-write-current-folder-up.xpm
  wanderlust-20250419.839/mmimap.el
  wanderlust-20250419.839/modb-entity.el
  wanderlust-20250419.839/modb-legacy.el
  wanderlust-20250419.839/modb-standard.el
  wanderlust-20250419.839/modb.el
  wanderlust-20250419.839/pldap.el
  wanderlust-20250419.839/slp.el
  wanderlust-20250419.839/wanderlust-pkg.el
  wanderlust-20250419.839/wl-acap.el
  wanderlust-20250419.839/wl-action.el
  wanderlust-20250419.839/wl-address.el
  wanderlust-20250419.839/wl-addrmgr.el
  wanderlust-20250419.839/wl-batch.el
  wanderlust-20250419.839/wl-demo.el
  wanderlust-20250419.839/wl-draft.el
  wanderlust-20250419.839/wl-e21.el
  wanderlust-20250419.839/wl-expire.el
  wanderlust-20250419.839/wl-fldmgr.el
  wanderlust-20250419.839/wl-folder.el
  wanderlust-20250419.839/wl-highlight.el
  wanderlust-20250419.839/wl-ja.info
  wanderlust-20250419.839/wl-message.el
  wanderlust-20250419.839/wl-mime.el
  wanderlust-20250419.839/wl-qs.el
  wanderlust-20250419.839/wl-refile.el
  wanderlust-20250419.839/wl-score.el
  wanderlust-20250419.839/wl-spam.el
  wanderlust-20250419.839/wl-summary.el
  wanderlust-20250419.839/wl-template.el
  wanderlust-20250419.839/wl-thread.el
  wanderlust-20250419.839/wl-util.el
  wanderlust-20250419.839/wl-vars.el
  wanderlust-20250419.839/wl-version.el
  wanderlust-20250419.839/wl.el
  wanderlust-20250419.839/wl.info
 ✓ Success:
  2025-05-06T00:36:05+0000  wanderlust-20250419.839.entry
  2025-05-06T00:36:05+0000  wanderlust-20250419.839.tar
Built wanderlust in 7.691s, finished at 2025-05-06T00:36:05+0000
